Listing input.txt
Line    Loc       Source statement          Object code
1       00000     COPY START 0
2       00000     FIRST ST RETADR, LX       17202D
3       00003     LD BX, #LENGTH            69202D
4       00006     BASE LENGTH               
5       00006     CLOOP +JSUB RDREC         4B101036
6       0000A     LD AX, LENGTH             032026
7       0000D     COMP BUFFER               2B2026
8       00010     JEQ ENDFIL                332007
9       00013     +JSUB WRREC               4B10105D
10      00017     J CLOOP                   3F2FEC
11      0001A     ENDFIL LD AX, EOF         032010
12      0001D     ST 54, AX                 0F2016
13      00020     LD AX, #3                 010003
14      00023     ST LENGTH, AX             0F200D
15      00026     +JSUB WRREC               4B10105D
16      0002A     J @RETADR                 3E2003
17      0002D     EOF BYTE C'EOF'           454F46
18      00030     RETADR RESW 1             
19      00033     LENGTH RESW 1             
20      00036     BUFFER RESB 4096          
21                .
22                . SUBROUTINE TO READ RECORD INTO BUFFER
23                .
24      01036     RDREC CLEAR XX            B410
25      01038     CLEAR AX                  B400
26      0103A     CLEAR SX                  B440
27      0103C     +LD TX, #4096             75101000
28      01040     RLOOP TD INPUT            E32019
29      01043     JEQ RLOOP                 332FFA
30      01046     RD INPUT                  DB2013
31      01049     COMPR AX, SX              A004
32      0104B     JEQ EXIT                  332008
33      0104E     STCH BUFFER, XX           57C003
34      01051     TIXR TX                   B850
35      01053     JLT RLOOP                 3B2FEA
36      01056     EXIT ST LENGTH, XX        134000
37      01059     RSUB                      4F0000
38      0105C     INPUT BYTE X'F1'          F1
39                .
40                .
41                .
42      0105D     WRREC CLEAR XX            B410
43      0105F     LD TX, LENGTH             774000
44      01062     WLOOP TD OUTPUT           E32011
45      01065     JEQ WLOOP                 332FFA
46      01068     LDCH BUFFER, XX           53C003
47      0106B     WD OUTPUT                 DF2008
48      0106E     TIXR TX                   B850
49      01070     JLT WLOOP                 3B2FEF
50      01073     RSUB                      4F0000
51      01076     OUTPUT BYTE X'05'         05
52                END FIRST
Program Length = 1077
